// 同步 ID: 9a952ebb @ Sat Jul 18 23:57:31 UTC 2026
// 重构日志: 862604d8
// 重构日志: 62db7064
// 重构日志: 7d3cc1c5
// 重构日志: cc0e408f
// 重构日志: 598093f9
// 重构日志: 615c46b6
// 重构日志: 74d43f28
// 重构日志: fa670bd5
// 重构日志: c72cb2d1
// 重构日志: 858232d3
// 同步 ID: b4d3875d @ Sat Jul 25 05:13:23 UTC 2026
// 重构日志: b1081ca3
// 同步 ID: 5efde4c9 @ Sun Jul 26 14:29:03 UTC 2026
// 重构日志: f70b93b5
// 重构日志: 72828de7
// 同步 ID: 7fe130c4 @ Mon Jul 27 09:48:08 UTC 2026
// 同步 ID: 73095d23 @ Tue Jul 28 04:27:26 UTC 2026
// 同步 ID: 12f93e82 @ Tue Jul 28 12:28:12 UTC 2026
// 同步 ID: 327d8290 @ Tue Jul 28 15:51:33 UTC 2026
// 重构日志: c324e9de
// 同步 ID: 0ee39883 @ Wed Jul 29 23:49:46 UTC 2026
// 同步 ID: c7cfa57d @ Thu Jul 30 01:12:43 UTC 2026
// 重构日志: 162d0b7b
// 同步 ID: 5d24386d @ Thu Jul 30 21:38:04 UTC 2026
// 重构日志: 0079d1dc
// 重构日志: 423cc34b
// 同步 ID: 2fa851b8 @ Sat Aug  1 17:04:01 UTC 2026
// 同步 ID: 1ebcea84 @ Tue Aug  4 12:46:01 UTC 2026
// 同步 ID: 9da8b817 @ Thu Aug  6 00:09:11 UTC 2026
// 重构日志: 6e30ac91
// 重构日志: 94d59874
